[batch] 78 pagine (idx 44..121) → /Users/jack/CharacterZero/manuals/_index/phb_ocr
[batch] (1/78) page 44 … 
[batch]   ok in 157s
[batch]   progress 1/78 done, elapsed 2.6m, ETA 201.6m
[batch] (2/78) page 45 … 
[batch]   ok in 132s
[batch]   progress 2/78 done, elapsed 4.8m, ETA 183.3m
[batch] (3/78) page 46 … 
[batch]   ok in 113s
[batch]   progress 3/78 done, elapsed 6.7m, ETA 167.8m
[batch] (4/78) page 47 … 
[batch]   ok in 91s
[batch]   progress 4/78 done, elapsed 8.2m, ETA 152.1m
[batch] (5/78) page 48 … 
[batch]   ok in 169s
[batch]   progress 5/78 done, elapsed 11.0m, ETA 161.1m
[batch] (6/78) page 49 … 
[batch]   ok in 178s
[batch]   progress 6/78 done, elapsed 14.0m, ETA 168.0m
[batch] (7/78) page 50 … 
[batch]   ok in 172s
[batch]   progress 7/78 done, elapsed 16.9m, ETA 171.1m
[batch] (8/78) page 51 … 
[batch]   ok in 112s
[batch]   progress 8/78 done, elapsed 18.7m, ETA 163.9m
[batch] (9/78) page 52 … 
[batch]   ok in 165s
[batch]   progress 9/78 done, elapsed 21.5m, ETA 164.7m
[batch] (10/78) page 53 … 
[batch]   ok in 203s
[batch]   progress 10/78 done, elapsed 24.9m, ETA 169.0m
[batch] (11/78) page 54 … 
[batch]   ok in 88s
[batch]   progress 11/78 done, elapsed 26.3m, ETA 160.3m
[batch] (12/78) page 55 … 
[batch]   ok in 94s
[batch]   progress 12/78 done, elapsed 27.9m, ETA 153.4m
[batch] (13/78) page 56 … 
[batch]   ok in 157s
[batch]   progress 13/78 done, elapsed 30.5m, ETA 152.6m
[batch] (14/78) page 57 … 
[batch]   ok in 152s
[batch]   progress 14/78 done, elapsed 33.1m, ETA 151.1m
[batch] (15/78) page 58 … 
[batch]   ok in 172s
[batch]   progress 15/78 done, elapsed 35.9m, ETA 150.9m
[batch] (16/78) page 59 … 
[batch]   ok in 254s
[batch]   progress 16/78 done, elapsed 40.1m, ETA 155.6m
[batch] (17/78) page 60 … 
[batch]   ok in 130s
[batch]   progress 17/78 done, elapsed 42.3m, ETA 151.9m
[batch] (18/78) page 61 … 
[batch]   ok in 175s
[batch]   progress 18/78 done, elapsed 45.2m, ETA 150.8m
[batch] (19/78) page 62 … 
[batch]   ok in 196s
[batch]   progress 19/78 done, elapsed 48.5m, ETA 150.7m
[batch] (20/78) page 63 … 
[batch]   ok in 91s
[batch]   progress 20/78 done, elapsed 50.0m, ETA 145.1m
[batch] (21/78) page 64 … 
[batch]   ok in 141s
[batch]   progress 21/78 done, elapsed 52.4m, ETA 142.2m
[batch] (22/78) page 65 … 
[batch]   ok in 257s
[batch]   progress 22/78 done, elapsed 56.7m, ETA 144.3m
[batch] (23/78) page 66 … 
[batch]   ok in 143s
[batch]   progress 23/78 done, elapsed 59.0m, ETA 141.2m
[batch] (24/78) page 67 … 
[batch]   ok in 270s
[batch]   progress 24/78 done, elapsed 63.5m, ETA 143.0m
[batch] (25/78) page 68 … 
[batch]   ok in 173s
[batch]   progress 25/78 done, elapsed 66.4m, ETA 140.8m
[batch] (26/78) page 69 … 
[batch]   ok in 78s
[batch]   progress 26/78 done, elapsed 67.7m, ETA 135.5m
[batch] (27/78) page 70 … 
[batch]   ok in 111s
[batch]   progress 27/78 done, elapsed 69.6m, ETA 131.4m
[batch] (28/78) page 71 … 
[batch]   ok in 177s
[batch]   progress 28/78 done, elapsed 72.5m, ETA 129.5m
[batch] (29/78) page 72 … 
[batch]   ok in 77s
[batch]   progress 29/78 done, elapsed 73.8m, ETA 124.7m
[batch] (30/78) page 73 … 
[batch]   ok in 304s
[batch]   progress 30/78 done, elapsed 78.9m, ETA 126.2m
[batch] (31/78) page 74 … 
[batch]   ok in 173s
[batch]   progress 31/78 done, elapsed 81.8m, ETA 124.0m
[batch] (32/78) page 75 … 
[batch]   ok in 76s
[batch]   progress 32/78 done, elapsed 83.0m, ETA 119.4m
[batch] (33/78) page 76 … 
[batch]   ok in 96s
[batch]   progress 33/78 done, elapsed 84.6m, ETA 115.4m
[batch] (34/78) page 77 … 
[batch]   ok in 158s
[batch]   progress 34/78 done, elapsed 87.3m, ETA 112.9m
[batch] (35/78) page 78 … 
[batch]   ok in 115s
[batch]   progress 35/78 done, elapsed 89.2m, ETA 109.6m
[batch] (36/78) page 79 … 
[batch]   ok in 179s
[batch]   progress 36/78 done, elapsed 92.2m, ETA 107.5m
[batch] (37/78) page 80 … 
[batch]   ok in 70s
[batch]   progress 37/78 done, elapsed 93.3m, ETA 103.4m
[batch] (38/78) page 81 … 
[batch]   ok in 161s
[batch]   progress 38/78 done, elapsed 96.0m, ETA 101.1m
[batch] (39/78) page 82 già fatto, skip
[batch] (40/78) page 83 … 
[batch]   ok in 241s
[batch]   progress 40/78 done, elapsed 100.0m, ETA 95.0m
[batch] (41/78) page 84 … 
[batch]   ok in 150s
[batch]   progress 41/78 done, elapsed 102.5m, ETA 92.5m
[batch] (42/78) page 85 … 
[batch]   ok in 187s
[batch]   progress 42/78 done, elapsed 105.7m, ETA 90.6m
[batch] (43/78) page 86 … 
[batch]   ok in 119s
[batch]   progress 43/78 done, elapsed 107.6m, ETA 87.6m
[batch] (44/78) page 87 … 
[batch]   ok in 169s
[batch]   progress 44/78 done, elapsed 110.4m, ETA 85.3m
[batch] (45/78) page 88 … 
[batch]   ok in 62s
[batch]   progress 45/78 done, elapsed 111.5m, ETA 81.8m
[batch] (46/78) page 89 … 
[batch]   ok in 114s
[batch]   progress 46/78 done, elapsed 113.4m, ETA 78.9m
[batch] (47/78) page 90 … 
[batch]   ok in 179s
[batch]   progress 47/78 done, elapsed 116.4m, ETA 76.8m
[batch] (48/78) page 91 … 
[batch]   ok in 107s
[batch]   progress 48/78 done, elapsed 118.2m, ETA 73.8m
[batch] (49/78) page 92 … 
[batch]   ok in 207s
[batch]   progress 49/78 done, elapsed 121.6m, ETA 72.0m
[batch] (50/78) page 93 … 
[batch]   ok in 99s
[batch]   progress 50/78 done, elapsed 123.3m, ETA 69.0m
[batch] (51/78) page 94 … 
[batch]   ok in 95s
[batch]   progress 51/78 done, elapsed 124.8m, ETA 66.1m
[batch] (52/78) page 95 … 
[batch]   ok in 130s
[batch]   progress 52/78 done, elapsed 127.0m, ETA 63.5m
[batch] (53/78) page 96 … 
[batch]   ok in 161s
[batch]   progress 53/78 done, elapsed 129.7m, ETA 61.2m
[batch] (54/78) page 97 … 
[batch]   ok in 166s
[batch]   progress 54/78 done, elapsed 132.5m, ETA 58.9m
[batch] (55/78) page 98 … 
[batch]   ok in 169s
[batch]   progress 55/78 done, elapsed 135.3m, ETA 56.6m
[batch] (56/78) page 99 … 
[batch]   ok in 165s
[batch]   progress 56/78 done, elapsed 138.0m, ETA 54.2m
[batch] (57/78) page 100 … 
[batch]   ok in 104s
[batch]   progress 57/78 done, elapsed 139.8m, ETA 51.5m
[batch] (58/78) page 101 … 
[batch]   ok in 107s
[batch]   progress 58/78 done, elapsed 141.5m, ETA 48.8m
[batch] (59/78) page 102 … 
[batch]   ok in 120s
[batch]   progress 59/78 done, elapsed 143.5m, ETA 46.2m
[batch] (60/78) page 103 … 
[batch]   ok in 140s
[batch]   progress 60/78 done, elapsed 145.9m, ETA 43.8m
[batch] (61/78) page 104 … 
[batch]   ok in 110s
[batch]   progress 61/78 done, elapsed 147.7m, ETA 41.2m
[batch] (62/78) page 105 … 
[batch]   ok in 203s
[batch]   progress 62/78 done, elapsed 151.1m, ETA 39.0m
[batch] (63/78) page 106 … 
[batch]   ok in 85s
[batch]   progress 63/78 done, elapsed 152.5m, ETA 36.3m
[batch] (64/78) page 107 … 
[batch]   ok in 142s
[batch]   progress 64/78 done, elapsed 154.9m, ETA 33.9m
[batch] (65/78) page 108 … 
[batch]   ok in 164s
[batch]   progress 65/78 done, elapsed 157.6m, ETA 31.5m
[batch] (66/78) page 109 … 
[batch]   ok in 167s
[batch]   progress 66/78 done, elapsed 160.4m, ETA 29.2m
[batch] (67/78) page 110 … 
[batch]   ok in 130s
[batch]   progress 67/78 done, elapsed 162.6m, ETA 26.7m
[batch] (68/78) page 111 … 
[batch]   ok in 172s
[batch]   progress 68/78 done, elapsed 165.4m, ETA 24.3m
[batch] (69/78) page 112 … 
[batch]   ok in 77s
[batch]   progress 69/78 done, elapsed 166.7m, ETA 21.7m
[batch] (70/78) page 113 … 
[batch]   ok in 124s
[batch]   progress 70/78 done, elapsed 168.8m, ETA 19.3m
[batch] (71/78) page 114 … 
[batch]   ok in 176s
[batch]   progress 71/78 done, elapsed 171.7m, ETA 16.9m
[batch] (72/78) page 115 … 
[batch]   ok in 178s
[batch]   progress 72/78 done, elapsed 174.7m, ETA 14.6m
[batch] (73/78) page 116 … 
[batch]   ok in 207s
[batch]   progress 73/78 done, elapsed 178.1m, ETA 12.2m
[batch] (74/78) page 117 … 
[batch]   ok in 129s
[batch]   progress 74/78 done, elapsed 180.3m, ETA 9.7m
[batch] (75/78) page 118 … 
[batch]   ok in 118s
[batch]   progress 75/78 done, elapsed 182.2m, ETA 7.3m
[batch] (76/78) page 119 … 
[batch]   ok in 13s
[batch]   progress 76/78 done, elapsed 182.5m, ETA 4.8m
[batch] (77/78) page 120 … 
[batch]   ok in 158s
[batch]   progress 77/78 done, elapsed 185.1m, ETA 2.4m
[batch] (78/78) page 121 … 
[batch]   ok in 145s
[batch]   progress 78/78 done, elapsed 187.5m, ETA 0.0m
[batch] FINITO: 78/78 pagine in 187.5 min
